
[1m[7m[36m RUN [39m[27m[22m [36mv2.1.9 [39m[90mC:/Users/JSCam/Documents/Development/plot_generator[39m

 [31mΓ¥»[39m src/components/__tests__/projectPicker.test.jsx [2m([22m[2m14 tests[22m[2m | [22m[31m2 failed[39m[2m)[22m[33m 1327[2mms[22m[39m
[31m   [31m├ù[31m ProjectPicker[2m > [22mrestores project from localStorage if available[33m 1025[2mms[22m[31m[39m
[31m     ΓåÆ expected "spy" to be called with arguments: [ 'project-2' ][90m

Received: 

[1m  1st spy call:

[22m[2m  Array [[22m
[32m-   "project-2",[90m
[31m+   "project-1",[90m
[2m  ][22m
[31m[90m

Number of calls: [1m1[22m
[31m

Ignored nodes: comments, script, style
[36m<html>[31m
  [36m<head />[31m
  [36m<body>[31m
    [36m<div>[31m
      [36m<div[31m
        [33mstyle[31m=[32m"display: flex; align-items: center; gap: 16px; padding: 0px 20px; height: 100%; font-family: \"Courier New\", Courier, monospace;"[31m
      [36m>[31m
        [36m<span[31m
          [33mstyle[31m=[32m"font-size: 12px; color: rgb(124, 120, 160); font-weight: 600;"[31m
        [36m>[31m
          [0m// PROJECT:[0m
        [36m</span>[31m
        [36m<select[31m
          [33maria-label[31m=[32m"Select project"[31m
          [33mstyle[31m=[32m"padding: 6px 12px; background: rgba(255, 255, 255, 0.03); border: 1px solid rgba(138, 92, 246, 0.25); border-radius: 4px; color: rgb(226, 224, 240); font-family: \"Courier New\", Courier, monospace; font-size: 13px; min-width: 200px; cursor: pointer;"[31m
        [36m>[31m
          [36m<option[31m
            [33mvalue[31m=[32m"project-1"[31m
          [36m>[31m
            [0mProject One[0m
          [36m</option>[31m
          [36m<option[31m
            [33mvalue[31m=[32m"project-2"[31m
          [36m>[31m
            [0mProject Two[0m
          [36m</option>[31m
        [36m</select>[31m
        [36m<div[31m
          [33mstyle[31m=[32m"display: flex; gap: 8px; margin-left: auto;"[31m
        [36m>[31m
          [36m<button[31m
            [33mstyle[31m=[32m"padding: 6px 12px; background: transparent; border: 1px solid rgba(138, 92, 246, 0.25); border-radius: 4px; color: rgb(167, 139, 250); font-family: \"Courier New\", Courier, monospace; font-size: 11px; font-weight: 600; cursor: pointer; transition: all 0.2s;"[31m
            [33mtitle[31m=[32m"Create new project"[31m
            [33mtype[31m=[32m"button"[31m
          [36m>[31m
            [0m+ NEW[0m
          [36m</button>[31m
          [36m<button[31m
            [33mdisabled[31m=[32m""[31m
            [33mstyle[31m=[32m"padding: 6px 12px; background: transparent; border: 1px solid rgba(138, 92, 246, 0.25); border-radius: 4px; color: rgb(167, 139, 250); font-family: \"Courier New\", Courier, monospace; font-size: 11px; font-weight: 600; cursor: pointer; transition: all 0.2s;"[31m
            [33mtitle[31m=[32m"Rename current project"[31m
            [33mtype[31m=[32m"button"[31m
          [36m>[31m
            [0mΓ£Ä RENAME[0m
          [36m</button>[31m
          [36m<button[31m
            [33mdisabled[31m=[32m""[31m
            [33mstyle[31m=[32m"padding: 6px 12px; background: transparent; border: 1px solid rgba(138, 92, 246, 0.25); border-radius: 4px; color: rgb(248, 113, 113); font-family: \"Courier New\", Courier, monospace; font-size: 11px; font-weight: 600; cursor: pointer; transition: all 0.2s; border-color: rgb(248, 113, 113);"[31m
            [33mtitle[31m=[32m"Delete current project"[31m
            [33mtype[31m=[32m"button"[31m
          [36m>[31m
            [0mΓ£ò DELETE[0m
          [36m</button>[31m
        [36m</div>[31m
      [36m</div>[31m
    [36m</div>[31m
  [36m</body>[31m
[36m</html>[31m[39m
[31m   [31m├ù[31m ProjectPicker[2m > [22mopens rename modal when clicking RENAME button[90m 27[2mms[22m[31m[39m
[31m     ΓåÆ Found multiple elements with the display value: Project One.

Here are the matching elements:

Ignored nodes: comments, script, style
[36m<select[31m
  [33maria-label[31m=[32m"Select project"[31m
  [33mstyle[31m=[32m"padding: 6px 12px; background: rgba(255, 255, 255, 0.03); border: 1px solid rgba(138, 92, 246, 0.25); border-radius: 4px; color: rgb(226, 224, 240); font-family: \"Courier New\", Courier, monospace; font-size: 13px; min-width: 200px; cursor: pointer;"[31m
[36m>[31m
  [36m<option[31m
    [33mvalue[31m=[32m"project-1"[31m
  [36m>[31m
    [0mProject One[0m
  [36m</option>[31m
  [36m<option[31m
    [33mvalue[31m=[32m"project-2"[31m
  [36m>[31m
    [0mProject Two[0m
  [36m</option>[31m
[36m</select>[31m

Ignored nodes: comments, script, style
[36m<input[31m
  [33maria-label[31m=[32m"Enter new name..."[31m
  [33mplaceholder[31m=[32m"Enter new name..."[31m
  [33mstyle[31m=[32m"width: 100%; padding: 10px 12px; background: rgba(255, 255, 255, 0.03); border: 1px solid rgba(138, 92, 246, 0.25); border-radius: 4px; color: rgb(226, 224, 240); font-family: \"Courier New\", Courier, monospace; font-size: 13px; margin-bottom: 16px;"[31m
  [33mtype[31m=[32m"text"[31m
  [33mvalue[31m=[32m"Project One"[31m
[36m/>[31m

(If this is intentional, then use the `*AllBy*` variant of the query (like `queryAllByText`, `getAllByText`, or `findAllByText`)).

Ignored nodes: comments, script, style
[36m<body>[31m
  [36m<div>[31m
    [36m<div[31m
      [33mstyle[31m=[32m"display: flex; align-items: center; gap: 16px; padding: 0px 20px; height: 100%; font-family: \"Courier New\", Courier, monospace;"[31m
    [36m>[31m
      [36m<span[31m
        [33mstyle[31m=[32m"font-size: 12px; color: rgb(124, 120, 160); font-weight: 600;"[31m
      [36m>[31m
        [0m// PROJECT:[0m
      [36m</span>[31m
      [36m<select[31m
        [33maria-label[31m=[32m"Select project"[31m
        [33mstyle[31m=[32m"padding: 6px 12px; background: rgba(255, 255, 255, 0.03); border: 1px solid rgba(138, 92, 246, 0.25); border-radius: 4px; color: rgb(226, 224, 240); font-family: \"Courier New\", Courier, monospace; font-size: 13px; min-width: 200px; cursor: pointer;"[31m
      [36m>[31m
        [36m<option[31m
          [33mvalue[31m=[32m"project-1"[31m
        [36m>[31m
          [0mProject One[0m
        [36m</option>[31m
        [36m<option[31m
          [33mvalue[31m=[32m"project-2"[31m
        [36m>[31m
          [0mProject Two[0m
        [36m</option>[31m
      [36m</select>[31m
      [36m<div[31m
        [33mstyle[31m=[32m"display: flex; gap: 8px; margin-left: auto;"[31m
      [36m>[31m
        [36m<button[31m
          [33mstyle[31m=[32m"padding: 6px 12px; background: transparent; border: 1px solid rgba(138, 92, 246, 0.25); border-radius: 4px; color: rgb(167, 139, 250); font-family: \"Courier New\", Courier, monospace; font-size: 11px; font-weight: 600; cursor: pointer; transition: all 0.2s;"[31m
          [33mtitle[31m=[32m"Create new project"[31m
          [33mtype[31m=[32m"button"[31m
        [36m>[31m
          [0m+ NEW[0m
        [36m</button>[31m
        [36m<button[31m
          [33mstyle[31m=[32m"padding: 6px 12px; background: transparent; border: 1px solid rgba(138, 92, 246, 0.25); border-radius: 4px; color: rgb(167, 139, 250); font-family: \"Courier New\", Courier, monospace; font-size: 11px; font-weight: 600; cursor: pointer; transition: all 0.2s;"[31m
          [33mtitle[31m=[32m"Rename current project"[31m
          [33mtype[31m=[32m"button"[31m
        [36m>[31m
          [0mΓ£Ä RENAME[0m
        [36m</button>[31m
        [36m<button[31m
          [33mstyle[31m=[32m"padding: 6px 12px; background: transparent; border: 1px solid rgba(138, 92, 246, 0.25); border-radius: 4px; color: rgb(248, 113, 113); font-family: \"Courier New\", Courier, monospace; font-size: 11px; font-weight: 600; cursor: pointer; transition: all 0.2s; border-color: rgb(248, 113, 113);"[31m
          [33mtitle[31m=[32m"Delete current project"[31m
          [33mtype[31m=[32m"button"[31m
        [36m>[31m
          [0mΓ£ò DELETE[0m
        [36m</button>[31m
      [36m</div>[31m
      [36m<div[31m
        [33mstyle[31m=[32m"position: fixed; top: 0px; left: 0px; right: 0px; bottom: 0px; background: rgba(0, 0, 0, 0.75); display: flex; align-items: center; justify-content: center; z-index: 1000;"[31m
      [36m>[31m
        [36m<div[31m
          [33mstyle[31m=[32m"background: rgb(10, 10, 15); border: 1px solid rgba(138, 92, 246, 0.6); border-radius: 8px; padding: 24px; min-width: 400px; max-width: 600px; font-family: \"Courier New\", Courier, monospace;"[31m
        [36m>[31m
          [36m<h3[31m
            [33mstyle[31m=[32m"margin: 0px 0px 16px; font-size: 16px; font-weight: 600; color: rgb(196, 181, 253); font-family: \"Courier New\", Courier, monospace;"[31m
          [36m>[31m
            [0mRename Project[0m
          [36m</h3>[31m
          [36m<form>[31m
            [36m<input[31m
              [33maria-label[31m=[32m"Enter new name..."[31m
              [33mplaceholder[31m=[32m"Enter new name..."[31m
              [33mstyle[31m=[32m"width: 100%; padding: 10px 12px; background: rgba(255, 255, 255, 0.03); border: 1px solid rgba(138, 92, 246, 0.25); border-radius: 4px; color: rgb(226, 224, 240); font-family: \"Courier New\", Courier, monospace; font-size: 13px; margin-bottom: 16px;"[31m
              [33mtype[31m=[32m"text"[31m
              [33mvalue[31m=[32m"Project One"[31m
            [36m/>[31m
            [36m<div[31m
              [33mstyle[31m=[32m"display: flex; gap: 8px; justify-content: flex-end;"[31m
            [36m>[31m
              [36m<button[31m
                [33mstyle[31m=[32m"padding: 8px 16px; background: rgb(138, 92, 246); border-radius: 4px; color: rgb(255, 255, 255); font-family: \"Courier New\", Courier, monospace; font-size: 12px; font-weight: 600; cursor: pointer; transition: all 0.2s;"[31m
                [33mtype[31m=[32m"submit"[31m
              [36m>[31m
                [0mSUBMIT[0m
              [36m</button>[31m
              [36m<button[31m
                [33mstyle[31m=[32m"padding: 8px 16px; background: transparent; border: 1px solid rgba(138, 92, 246, 0.25); border-radius: 4px; color: rgb(124, 120, 160); font-family: \"Courier New\", Courier, monospace; font-size: 12px; font-weight: 600; cursor: pointer; transition: all 0.2s;"[31m
                [33mtype[31m=[32m"button"[31m
              [36m>[31m
                [0mCANCEL[0m
              [36m</button>[31m
            [36m</div>[31m
          [36m</form>[31m
        [36m</div>[31m
      [36m</div>[31m
    [36m</div>[31m
  [36m</div>[31m
[36m</body>[31m[39m

[2m Test Files [22m [1m[31m1 failed[39m[22m[90m (1)[39m
[2m      Tests [22m [1m[31m2 failed[39m[22m[2m | [22m[1m[32m12 passed[39m[22m[90m (14)[39m
[2m   Start at [22m 19:56:12
[2m   Duration [22m 2.75s[2m (transform 126ms, setup 225ms, collect 107ms, tests 1.33s, environment 619ms, prepare 135ms)[22m

